[redline] session READY (P2–P12; forward still product; abi=1 gpu_new=ok micro=skip glue=skip rms_multi=PASS_n4 rms=PASS rms_armed=1 smoke_f32=[1,2,3,4] retained=1 (OWN_RMSNORM packed product path; NOT gen t/s))
[mlx-rocm] bound HIP device 0: gfx1150 (AMD Radeon 890M Graphics) cus=8 warp=32 lds=64KB
[chat] MLX_SKIP_WARMUP=1 — skipping dummy forward
Model loaded. Memory: active=859 MB, peak=859 MB, cache=2568 B
[redline] gd_bind PASS input=0x7bbd81c00540 pos=0x7bbd81c00370 stable=1 (P6 VRAM ptr; not gen t/s; forward still product)
[redline] OWN_RMSNORM packed launch handled by Redline retained PM4 (product HIP RMSNorm skipped; mid-eval stream sync; NOT gen t/s)
[mlx-rocm] gfx1150 native_wmma=1 cus=8 warp=32 low_cu=1 host_WARP_SIZE=32
[launch-inv] enabled (product path; default OFF; NOT gen t/s; tokens=2)
[launch-inv] tag=L1-token-0 total_dispatches=364 est_host_us~546 (E1-ish floor * N; NOT gen t/s; product path inventory)
[launch-inv] by_kind:
       244  kernel
       120  lib
[launch-inv] by_prim (top 40):
       187  est_us~280  QuantizedMatmul
        90  est_us~135  CustomKernel
        24  est_us~36  Add
        24  est_us~36  CompiledSigmoidBroadcastBroadcastMultiplyBroadcastBroadcastMultiply
        12  est_us~18  RoPE
         6  est_us~9  CompiledSigmoidBroadcastBroadcastMultiply
         6  est_us~9  RMSNorm
         6  est_us~9  Reshape
         6  est_us~9  ScaledDotProductAttention
         2  est_us~3  ArgReduce
         1  est_us~2  Gather
[launch-inv] by_prim+kind (top 40):
       187  kernel  QuantizedMatmul
        90  lib  CustomKernel
        24  kernel  Add
        24  lib  CompiledSigmoidBroadcastBroadcastMultiplyBroadcastBroadcastMultiply
        12  kernel  RoPE
         6  lib  CompiledSigmoidBroadcastBroadcastMultiply
         6  kernel  RMSNorm
         6  kernel  Reshape
         6  kernel  ScaledDotProductAttention
         2  kernel  ArgReduce
         1  kernel  Gather
[launch-inv] end tag=L1-token-0
[launch-inv] tag=L1-token-1 total_dispatches=364 est_host_us~546 (E1-ish floor * N; NOT gen t/s; product path inventory)
[launch-inv] by_kind:
       244  kernel
       120  lib
[launch-inv] by_prim (top 40):
       187  est_us~280  QuantizedMatmul
        90  est_us~135  CustomKernel
        24  est_us~36  Add
        24  est_us~36  CompiledSigmoidBroadcastBroadcastMultiplyBroadcastBroadcastMultiply
        12  est_us~18  RoPE
         6  est_us~9  CompiledSigmoidBroadcastBroadcastMultiply
         6  est_us~9  RMSNorm
         6  est_us~9  Reshape
         6  est_us~9  ScaledDotProductAttention
         2  est_us~3  ArgReduce
         1  est_us~2  Gather
[launch-inv] by_prim+kind (top 40):
       187  kernel  QuantizedMatmul
        90  lib  CustomKernel
        24  kernel  Add
        24  lib  CompiledSigmoidBroadcastBroadcastMultiplyBroadcastBroadcastMultiply
        12  kernel  RoPE
         6  lib  CompiledSigmoidBroadcastBroadcastMultiply
         6  kernel  RMSNorm
         6  kernel  Reshape
         6  kernel  ScaledDotProductAttention
         2  kernel  ArgReduce
         1  kernel  Gather
[launch-inv] end tag=L1-token-1
Prompt:     1 tokens, 3.50314 tokens/s, 0.285458s
Generation: 6 tokens, 116.689 tokens/s, 0.0514186s
